// Jest Snapshot v1, https://goo.gl/fbAQLP

exports[`Booking button component should renders correctly 1`] = `
<button
  className="booking-button"
  onClick={[Function]}
  type="submit"
>
  Book now
</button>
`;
